  EnemyManager.cpp
  SceneManager.cpp
  Player.cpp
  FPSBattleScene.cpp
Effekseer_vs2019_x64_d.lib(Effekseer.EffectNodeRing.obj) : warning LNK4099: PDB 'Effekseer.pdb' が 'Effekseer_vs2019_x64_d.lib(Effekseer.EffectNodeRing.obj)' で、または 'C:\Users\shouk\OneDrive\ドキュメント\AGS2026_Summer_GameDev\AGS2026_syougiFPS\x64\Debug\Effekseer.pdb' に見つかりません。デバッグ情報がないものとして、オブジェクトにリンクします。
Effekseer_vs2019_x64_d.lib(Effekseer.Instance.obj) : warning LNK4099: PDB 'Effekseer.pdb' が 'Effekseer_vs2019_x64_d.lib(Effekseer.Instance.obj)' で、または 'C:\Users\shouk\OneDrive\ドキュメント\AGS2026_Summer_GameDev\AGS2026_syougiFPS\x64\Debug\Effekseer.pdb' に見つかりません。デバッグ情報がないものとして、オブジェクトにリンクします。
Effekseer_vs2019_x64_d.lib(Effekseer.Manager.obj) : warning LNK4099: PDB 'Effekseer.pdb' が 'Effekseer_vs2019_x64_d.lib(Effekseer.Manager.obj)' で、または 'C:\Users\shouk\OneDrive\ドキュメント\AGS2026_Summer_GameDev\AGS2026_syougiFPS\x64\Debug\Effekseer.pdb' に見つかりません。デバッグ情報がないものとして、オブジェクトにリンクします。
Effekseer_vs2019_x64_d.lib(Effekseer.Matrix43.obj) : warning LNK4099: PDB 'Effekseer.pdb' が 'Effekseer_vs2019_x64_d.lib(Effekseer.Matrix43.obj)' で、または 'C:\Users\shouk\OneDrive\ドキュメント\AGS2026_Summer_GameDev\AGS2026_syougiFPS\x64\Debug\Effekseer.pdb' に見つかりません。デバッグ情報がないものとして、オブジェクトにリンクします。
Effekseer_vs2019_x64_d.lib(Effekseer.Matrix44.obj) : warning LNK4099: PDB 'Effekseer.pdb' が 'Effekseer_vs2019_x64_d.lib(Effekseer.Matrix44.obj)' で、または 'C:\Users\shouk\OneDrive\ドキュメント\AGS2026_Summer_GameDev\AGS2026_syougiFPS\x64\Debug\Effekseer.pdb' に見つかりません。デバッグ情報がないものとして、オブジェクトにリンクします。
Effekseer_vs2019_x64_d.lib(Effekseer.Random.obj) : warning LNK4099: PDB 'Effekseer.pdb' が 'Effekseer_vs2019_x64_d.lib(Effekseer.Random.obj)' で、または 'C:\Users\shouk\OneDrive\ドキュメント\AGS2026_Summer_GameDev\AGS2026_syougiFPS\x64\Debug\Effekseer.pdb' に見つかりません。デバッグ情報がないものとして、オブジェクトにリンクします。
Effekseer_vs2019_x64_d.lib(Culling3D.Matrix44.obj) : warning LNK4099: PDB 'Effekseer.pdb' が 'Effekseer_vs2019_x64_d.lib(Culling3D.Matrix44.obj)' で、または 'C:\Users\shouk\OneDrive\ドキュメント\AGS2026_Summer_GameDev\AGS2026_syougiFPS\x64\Debug\Effekseer.pdb' に見つかりません。デバッグ情報がないものとして、オブジェクトにリンクします。
Effekseer_vs2019_x64_d.lib(Culling3D.ObjectInternal.obj) : warning LNK4099: PDB 'Effekseer.pdb' が 'Effekseer_vs2019_x64_d.lib(Culling3D.ObjectInternal.obj)' で、または 'C:\Users\shouk\OneDrive\ドキュメント\AGS2026_Summer_GameDev\AGS2026_syougiFPS\x64\Debug\Effekseer.pdb' に見つかりません。デバッグ情報がないものとして、オブジェクトにリンクします。
Effekseer_vs2019_x64_d.lib(Culling3D.WorldInternal.obj) : warning LNK4099: PDB 'Effekseer.pdb' が 'Effekseer_vs2019_x64_d.lib(Culling3D.WorldInternal.obj)' で、または 'C:\Users\shouk\OneDrive\ドキュメント\AGS2026_Summer_GameDev\AGS2026_syougiFPS\x64\Debug\Effekseer.pdb' に見つかりません。デバッグ情報がないものとして、オブジェクトにリンクします。
Effekseer_vs2019_x64_d.lib(Easing.obj) : warning LNK4099: PDB 'Effekseer.pdb' が 'Effekseer_vs2019_x64_d.lib(Easing.obj)' で、または 'C:\Users\shouk\OneDrive\ドキュメント\AGS2026_Summer_GameDev\AGS2026_syougiFPS\x64\Debug\Effekseer.pdb' に見つかりません。デバッグ情報がないものとして、オブジェクトにリンクします。
Effekseer_vs2019_x64_d.lib(Mat43f.obj) : warning LNK4099: PDB 'Effekseer.pdb' が 'Effekseer_vs2019_x64_d.lib(Mat43f.obj)' で、または 'C:\Users\shouk\OneDrive\ドキュメント\AGS2026_Summer_GameDev\AGS2026_syougiFPS\x64\Debug\Effekseer.pdb' に見つかりません。デバッグ情報がないものとして、オブジェクトにリンクします。
Effekseer_vs2019_x64_d.lib(Mat44f.obj) : warning LNK4099: PDB 'Effekseer.pdb' が 'Effekseer_vs2019_x64_d.lib(Mat44f.obj)' で、または 'C:\Users\shouk\OneDrive\ドキュメント\AGS2026_Summer_GameDev\AGS2026_syougiFPS\x64\Debug\Effekseer.pdb' に見つかりません。デバッグ情報がないものとして、オブジェクトにリンクします。
Effekseer_vs2019_x64_d.lib(CurlNoise.obj) : warning LNK4099: PDB 'Effekseer.pdb' が 'Effekseer_vs2019_x64_d.lib(CurlNoise.obj)' で、または 'C:\Users\shouk\OneDrive\ドキュメント\AGS2026_Summer_GameDev\AGS2026_syougiFPS\x64\Debug\Effekseer.pdb' に見つかりません。デバッグ情報がないものとして、オブジェクトにリンクします。
Effekseer_vs2019_x64_d.lib(ForceFields.obj) : warning LNK4099: PDB 'Effekseer.pdb' が 'Effekseer_vs2019_x64_d.lib(ForceFields.obj)' で、または 'C:\Users\shouk\OneDrive\ドキュメント\AGS2026_Summer_GameDev\AGS2026_syougiFPS\x64\Debug\Effekseer.pdb' に見つかりません。デバッグ情報がないものとして、オブジェクトにリンクします。
Effekseer_vs2019_x64_d.lib(ProceduralModelGenerator.obj) : warning LNK4099: PDB 'Effekseer.pdb' が 'Effekseer_vs2019_x64_d.lib(ProceduralModelGenerator.obj)' で、または 'C:\Users\shouk\OneDrive\ドキュメント\AGS2026_Summer_GameDev\AGS2026_syougiFPS\x64\Debug\Effekseer.pdb' に見つかりません。デバッグ情報がないものとして、オブジェクトにリンクします。
Effekseer_vs2019_x64_d.lib(SplineGenerator.obj) : warning LNK4099: PDB 'Effekseer.pdb' が 'Effekseer_vs2019_x64_d.lib(SplineGenerator.obj)' で、または 'C:\Users\shouk\OneDrive\ドキュメント\AGS2026_Summer_GameDev\AGS2026_syougiFPS\x64\Debug\Effekseer.pdb' に見つかりません。デバッグ情報がないものとして、オブジェクトにリンクします。
EffekseerRendererDX9_vs2019_x64_d.lib(EffekseerRendererDX9.ModelRenderer.obj) : warning LNK4099: PDB 'EffekseerRendererDX9.pdb' が 'EffekseerRendererDX9_vs2019_x64_d.lib(EffekseerRendererDX9.ModelRenderer.obj)' で、または 'C:\Users\shouk\OneDrive\ドキュメント\AGS2026_Summer_GameDev\AGS2026_syougiFPS\x64\Debug\EffekseerRendererDX9.pdb' に見つかりません。デバッグ情報がないものとして、オブジェクトにリンクします。
EffekseerRendererDX9_vs2019_x64_d.lib(EffekseerRendererDX9.Renderer.obj) : warning LNK4099: PDB 'EffekseerRendererDX9.pdb' が 'EffekseerRendererDX9_vs2019_x64_d.lib(EffekseerRendererDX9.Renderer.obj)' で、または 'C:\Users\shouk\OneDrive\ドキュメント\AGS2026_Summer_GameDev\AGS2026_syougiFPS\x64\Debug\EffekseerRendererDX9.pdb' に見つかりません。デバッグ情報がないものとして、オブジェクトにリンクします。
EffekseerRendererDX11_vs2019_x64_d.lib(EffekseerRendererDX11.ModelRenderer.obj) : warning LNK4099: PDB 'EffekseerRendererDX11.pdb' が 'EffekseerRendererDX11_vs2019_x64_d.lib(EffekseerRendererDX11.ModelRenderer.obj)' で、または 'C:\Users\shouk\OneDrive\ドキュメント\AGS2026_Summer_GameDev\AGS2026_syougiFPS\x64\Debug\EffekseerRendererDX11.pdb' に見つかりません。デバッグ情報がないものとして、オブジェクトにリンクします。
EffekseerRendererDX11_vs2019_x64_d.lib(EffekseerRendererDX11.Renderer.obj) : warning LNK4099: PDB 'EffekseerRendererDX11.pdb' が 'EffekseerRendererDX11_vs2019_x64_d.lib(EffekseerRendererDX11.Renderer.obj)' で、または 'C:\Users\shouk\OneDrive\ドキュメント\AGS2026_Summer_GameDev\AGS2026_syougiFPS\x64\Debug\EffekseerRendererDX11.pdb' に見つかりません。デバッグ情報がないものとして、オブジェクトにリンクします。
EffekseerForDXLib_vs2019_x64_d.lib(EffekseerForDXLib.obj) : warning LNK4099: PDB 'EffekseerForDXLib_vs2019_x64_d.pdb' が 'EffekseerForDXLib_vs2019_x64_d.lib(EffekseerForDXLib.obj)' で、または 'C:\Users\shouk\OneDrive\ドキュメント\AGS2026_Summer_GameDev\AGS2026_syougiFPS\x64\Debug\EffekseerForDXLib_vs2019_x64_d.pdb' に見つかりません。デバッグ情報がないものとして、オブジェクトにリンクします。
  AGS2026_syougiFPS.vcxproj -> C:\Users\shouk\OneDrive\ドキュメント\AGS2026_Summer_GameDev\AGS2026_syougiFPS\x64\Debug\AGS2026_syougiFPS.exe
