c:\users\2416041\documents\ags2026_summer_gamedev\ags2026_syougifps\ags2026_.a34b604e\x64\debug\vc143.pdb
c:\users\2416041\documents\ags2026_summer_gamedev\ags2026_syougifps\ags2026_.a34b604e\x64\debug\vc143.idb
c:\users\2416041\documents\ags2026_summer_gamedev\ags2026_syougifps\ags2026_.a34b604e\x64\debug\ou.obj
c:\users\2416041\documents\ags2026_summer_gamedev\ags2026_syougifps\ags2026_.a34b604e\x64\debug\gyoku.obj
c:\users\2416041\documents\ags2026_summer_gamedev\ags2026_syougifps\ags2026_.a34b604e\x64\debug\grid.obj
c:\users\2416041\documents\ags2026_summer_gamedev\ags2026_syougifps\ags2026_.a34b604e\x64\debug\scenemanager.obj
c:\users\2416041\documents\ags2026_summer_gamedev\ags2026_syougifps\ags2026_.a34b604e\x64\debug\resourcemanager.obj
c:\users\2416041\documents\ags2026_summer_gamedev\ags2026_syougifps\ags2026_.a34b604e\x64\debug\resource.obj
c:\users\2416041\documents\ags2026_summer_gamedev\ags2026_syougifps\ags2026_.a34b604e\x64\debug\minicamera.obj
c:\users\2416041\documents\ags2026_summer_gamedev\ags2026_syougifps\ags2026_.a34b604e\x64\debug\lightmanager.obj
c:\users\2416041\documents\ags2026_summer_gamedev\ags2026_syougifps\ags2026_.a34b604e\x64\debug\inputmanager.obj
c:\users\2416041\documents\ags2026_summer_gamedev\ags2026_syougifps\ags2026_.a34b604e\x64\debug\camera.obj
c:\users\2416041\documents\ags2026_summer_gamedev\ags2026_syougifps\ags2026_.a34b604e\x64\debug\main.obj
c:\users\2416041\documents\ags2026_summer_gamedev\ags2026_syougifps\ags2026_.a34b604e\x64\debug\vector3.obj
c:\users\2416041\documents\ags2026_summer_gamedev\ags2026_syougifps\ags2026_.a34b604e\x64\debug\vector2.obj
c:\users\2416041\documents\ags2026_summer_gamedev\ags2026_syougifps\ags2026_.a34b604e\x64\debug\quaternion.obj
c:\users\2416041\documents\ags2026_summer_gamedev\ags2026_syougifps\ags2026_.a34b604e\x64\debug\mousecursor.obj
c:\users\2416041\documents\ags2026_summer_gamedev\ags2026_syougifps\ags2026_.a34b604e\x64\debug\fader.obj
c:\users\2416041\documents\ags2026_summer_gamedev\ags2026_syougifps\ags2026_.a34b604e\x64\debug\application.obj
c:\users\2416041\documents\ags2026_summer_gamedev\ags2026_syougifps\ags2026_.a34b604e\x64\debug\collider.obj
c:\users\2416041\documents\ags2026_summer_gamedev\ags2026_syougifps\ags2026_.a34b604e\x64\debug\cell.obj
c:\users\2416041\documents\ags2026_summer_gamedev\ags2026_syougifps\ags2026_.a34b604e\x64\debug\asoutility.obj
c:\users\2416041\documents\ags2026_summer_gamedev\ags2026_syougifps\ags2026_.a34b604e\x64\debug\titlescene.obj
c:\users\2416041\documents\ags2026_summer_gamedev\ags2026_syougifps\ags2026_.a34b604e\x64\debug\scenebase.obj
c:\users\2416041\documents\ags2026_summer_gamedev\ags2026_syougifps\ags2026_.a34b604e\x64\debug\resultscene.obj
c:\users\2416041\documents\ags2026_summer_gamedev\ags2026_syougifps\ags2026_.a34b604e\x64\debug\gamescene.obj
c:\users\2416041\documents\ags2026_summer_gamedev\ags2026_syougifps\ags2026_.a34b604e\x64\debug\fpsbattlescene.obj
c:\users\2416041\documents\ags2026_summer_gamedev\ags2026_syougifps\ags2026_.a34b604e\x64\debug\playbpard.obj
c:\users\2416041\documents\ags2026_summer_gamedev\ags2026_syougifps\ags2026_.a34b604e\x64\debug\piecebase.obj
c:\users\2416041\documents\ags2026_summer_gamedev\ags2026_syougifps\ags2026_.a34b604e\x64\debug\ags2026_.a34b604e.tlog\cl.command.1.tlog
c:\users\2416041\documents\ags2026_summer_gamedev\ags2026_syougifps\ags2026_.a34b604e\x64\debug\ags2026_.a34b604e.tlog\cl.read.1.tlog
c:\users\2416041\documents\ags2026_summer_gamedev\ags2026_syougifps\ags2026_.a34b604e\x64\debug\ags2026_.a34b604e.tlog\cl.write.1.tlog
